<html>
<body>
<pre>
<h1>µVision Build Log</h1>
<h2>Project:</h2>
C:\Users\basom\Desktop\ultrasonic [The final code (Air supply lab)]\ultrasonic.uvproj
Project File Date:  03/14/2018

<h2>Output:</h2>
Rebuild target 'Target 1'
assembling startup_TM4C123.s...
compiling main.c...
compiling PLL_Init.c...
compiling UART_Init.c...
compiling TIMER_Init.c...
compiling GPIO_Init.c...
compiling SysTick.c...
linking...
Program Size: Code=2428 RO-data=636 RW-data=0 ZI-data=608  
".\ultrasonic.axf" - 0 Error(s), 0 Warning(s).
Load "C:\\Users\\basom\\Desktop\\ultrasonic [The final code (Air supply lab)]\\ultrasonic.axf" 
Connecting: Mode=JTAG, Speed=1000000Hz
Erase Done.
Programming Done.
Verify OK.
</pre>
</body>
</html>
